2022-04-13 21:10:44.592  1181-2757  NetlinkSocket                pid-1181                             W  maximum read
2022-04-13 21:10:44.594  1181-1824  BatteryService               pid-1181                             D  Sending ACTION_BATTERY_CHANGED. scale:100, info:{.chargerAcOnline = false, .chargerUsbOnline = false, .chargerWirelessOnline = false, .maxChargingCurrent = 0, .maxChargingVoltage = 0, .batteryStatus = DISCHARGING, .batteryHealth = GOOD, .batteryPresent = true, .batteryLevel = 66, .batteryVoltage = 3776, .batteryTemperature = 265, .batteryCurrent = -1566, .batteryCycleCount = 0, .batteryFullCharge = 4000000, .batteryChargeCounter = 2417580, .batteryTechnology = Li-ion}
2022-04-13 21:10:44.594  1181-1824  BatteryService               pid-1181                             D  online:21, current avg:-319, charge type:0, POGO powered:false, power sharing:false, high voltage charger:false, charger_type:0, capacity:280000, misc_event:0x10000, current_event:0x40004000, current_now:-1566
2022-04-13 21:10:44.596  1181-2757  NetlinkSocket                pid-1181                             W  maximum read
2022-04-13 21:10:44.599  1181-1397  TspStateManager              pid-1181                             D  updateCustomValue customSetting=
2022-04-13 21:10:44.599  1181-1397  MultiTaskingController       pid-1181                             I  onConfigurationChangedLocked: display#0, configChanges=0x60, scaleW=1.0, scaleH=1.0, prevScreenBounds=Rect(0, 0 - 1080, 2400), nextScreenBounds=Rect(0, 0 - 1080, 2400)
2022-04-13 21:10:44.600  1181-1397  WindowManager                pid-1181                             D  startFreezingDisplayLocked: exitAnim=0 enterAnim=0 called by com.android.server.wm.ActivityRecord.startFreezingScreen:6671 com.android.server.wm.ActivityRecord.startFreezingScreen:6635 com.android.server.wm.ActivityRecord.startFreezingScreenLocked:6630 com.android.server.wm.ActivityRecord.startFreezingScreenLocked:6612 com.android.server.wm.ActivityRecord.ensureActivityConfiguration:9631 com.android.server.wm.ActivityRecord.ensureActivityConfiguration:9444 com.android.server.wm.ActivityTaskManagerService.ensureConfigAndVisibilityAfterUpdate:5919 com.android.server.wm.DisplayContent.updateDisplayOverrideConfigurationLocked:7023 
2022-04-13 21:10:44.600  1181-1397  InputDispatcher              pid-1181                             D  setInputDispatchMode: enabled=1, frozen=1
2022-04-13 21:10:44.602  1181-1397  RestrictionPolicy            pid-1181                             D  isScreenCaptureEnabled : ret=true userId=0
2022-04-13 21:10:44.602  1181-1397  RestrictionPolicy            pid-1181                             D  isScreenCaptureEnabled : ret=true userId=0
2022-04-13 21:10:44.617  1181-1397  ImageReader_JNI              pid-1181                             W  Unable to acquire a buffer item, very likely client tried to acquire more than maxImages buffers
2022-04-13 21:10:44.627  1181-2272  WindowManager                pid-1181                             V  Relayout Window{457052 u0 dismiss-button-overlay}: viewVisibility=4 req=1080x2400 d0
2022-04-13 21:10:44.629  1181-2272  WindowManager                pid-1181                             V  Relayout hash=457052, pid=1625: mAttrs={(0,0)(1080x2400) gr=TOP START CENTER sim={adjust=pan} layoutInDisplayCutoutMode=shortEdges ty=2605 fmt=TRANSPARENT
                                                                                                           fl=1000338
                                                                                                           pfl=12000050
                                                                                                           bhv=DEFAULT naviIconColor=0
                                                                                                           sfl=20000}
2022-04-13 21:10:44.631  1181-4747  DARUtil                      pid-1181                             D  Device owner status not updated yet...
2022-04-13 21:10:44.631  1181-4747  DARUtil                      pid-1181                             D  Not an enterprise user : 0
2022-04-13 21:10:44.631  1181-4747  DARUtil                      pid-1181                             D  Device owner status not updated yet...
2022-04-13 21:10:44.631  1181-4747  DARUtil                      pid-1181                             D  Not an enterprise user : 0
2022-04-13 21:10:44.651  1181-1388  MotionRecognitionService     pid-1181                             D    onReceive : ACTION_BATTERY_CHANGED, Plugged: 0
2022-04-13 21:10:44.651  1181-1388  MotionRecognitionService     pid-1181                             I  [TA] In/out: false, curr state: 0
2022-04-13 21:10:44.651  1181-1388  MotionRecognitionService     pid-1181                             I  [TA] Before receiving the SAR request for Main. Return.
2022-04-13 21:10:44.652  1181-1181  PhoneWindowManagerExt        pid-1181                             D  ACTION_BATTERY_CHANGED - Level=66, status=3
2022-04-13 21:10:44.652  1181-1181  SemWifiApBroadcastReceiver   pid-1181                             D  Received : android.intent.action.BATTERY_CHANGED
2022-04-13 21:10:44.652  1181-1181  Ada...ssLongtermModelBuilder pid-1181                             D  Received android.intent.action.BATTERY_CHANGED
2022-04-13 21:10:44.652  1181-1208  WindowManager                pid-1181                             D  finishDrawingWindow: Window{e519d2f u0 com.samsung.android.app.cocktailbarservice/com.samsung.android.app.cocktailbarservice.CocktailBarService} mDrawState=DRAW_PENDING
2022-04-13 21:10:44.655  1181-1208  ActivityManager              pid-1181                             W  Foreground service started from background can not have location/camera/microphone access: service de.{anonymized}/.notify.MNotify3
2022-04-13 21:10:44.658  1181-4774  InputMethodManagerService    pid-1181                             D  hideSoftInput
2022-04-13 21:10:44.658  1181-4774  InputMethodManagerService    pid-1181                             V  Client requesting input be hidden
2022-04-13 21:10:44.658  1181-4774  InputMethodManagerService    pid-1181                             I  Calling com.android.internal.view.IInputMethod$Stub$Proxy@a0d3835.hideSoftInput(0, android.os.Binder@fa88a80, null) for reason: HIDE_SOFT_INPUT
2022-04-13 21:10:44.658  1181-4774  InputMethodManagerService    pid-1181                             V  hideCurrentInputLocked : send MSG_HIDE_SOFT_INPUT
2022-04-13 21:10:44.658  1181-1207  InputMethodManagerService    pid-1181                             D  mSecureKeypadEnabled = false
2022-04-13 21:10:44.658  1181-1207  InputMethodManagerService    pid-1181                             D  DESKTOP MODE! : 2
2022-04-13 21:10:44.658  1181-1207  InputMethodManagerService    pid-1181                             D  NOT IN KNOX DESKTOP MODE!
2022-04-13 21:10:44.658  1181-1207  InputMethodManagerService    pid-1181                             V  getDisplayIdOfInputMethodWindowToBeAdded : 0
2022-04-13 21:10:44.659  1181-1235  ApplicationPolicy            pid-1181                             D  isStatusBarNotificationAllowedAsUser: packageName = de.{anonymized},userId = 0
2022-04-13 21:10:44.659  1181-1207  InputMethodManagerService    pid-1181                             D  checkDisplayOfStartInputAndUpdateKeyboard display Id 0last 0
2022-04-13 21:10:44.659  1181-1235  ApplicationPolicy            pid-1181                             D  isStatusBarNotificationAllowedAsUser: packageName = de.{anonymized},userId = 0
2022-04-13 21:10:44.659  1181-1207  InputTransport               pid-1181                             D  Input channel constructed: 'ClientS', fd=665
2022-04-13 21:10:44.659  1181-1207  InputTransport               pid-1181                             D  Input channel destroyed: 'ClientS', fd=665
2022-04-13 21:10:44.659  1181-2222  DARUtil                      pid-1181                             D  Device owner status not updated yet...
2022-04-13 21:10:44.659  1181-2222  DARUtil                      pid-1181                             D  Not an enterprise user : 0
2022-04-13 21:10:44.659  1181-2222  DARUtil                      pid-1181                             D  Device owner status not updated yet...
2022-04-13 21:10:44.659  1181-2222  DARUtil                      pid-1181                             D  Not an enterprise user : 0
2022-04-13 21:10:44.664  1181-4778  WindowManager                pid-1181                             V  Relayout Window{e519d2f u0 com.samsung.android.app.cocktailbarservice/com.samsung.android.app.cocktailbarservice.CocktailBarService}: viewVisibility=0 req=67x339 d0
2022-04-13 21:10:44.666  1181-4778  WindowManager                pid-1181                             V  Relayout hash=e519d2f, pid=5074: mAttrs={(0,396)(67x339) gr=TOP RIGHT CENTER sim={adjust=nothing} layoutInDisplayCutoutMode=shortEdges ty=2226 fmt=TRANSPARENT
                                                                                                           fl=81800548
                                                                                                           pfl=2000050
                                                                                                           bhv=SHOW_TRANSIENT_BARS_BY_SWIPE
                                                                                                           fitTypes=NAVIGATION_BARS CAPTION_BAR dimAmount=0.0 dimDuration=0 naviIconColor=0
                                                                                                           sfl=200000}
2022-04-13 21:10:44.673  1181-2222  InputTransport               pid-1181                             D  Input channel constructed: 'f64145f', fd=665
2022-04-13 21:10:44.673  1181-2222  InputTransport               pid-1181                             D  Input channel constructed: 'f64145f', fd=931
2022-04-13 21:10:44.673  1181-2222  InputTransport               pid-1181                             D  Input channel constructed: 'f64145f', fd=940
2022-04-13 21:10:44.674  1181-2222  InputTransport               pid-1181                             D  Input channel destroyed: 'f64145f', fd=940
2022-04-13 21:10:44.682  1181-2222  DARUtil                      pid-1181                             D  Device owner status not updated yet...
2022-04-13 21:10:44.682  1181-2222  DARUtil                      pid-1181                             D  Not an enterprise user : 0
2022-04-13 21:10:44.682  1181-2222  DARUtil                      pid-1181                             D  Device owner status not updated yet...
2022-04-13 21:10:44.682  1181-2222  DARUtil                      pid-1181                             D  Not an enterprise user : 0
2022-04-13 21:10:44.683  1181-1235  BroadcastQueue               pid-1181                             W  Permission Denial: broadcasting Intent { act=com.google.android.apps.gmm.NAVIGATION_STATE flg=0x10 pkg=com.google.android.googlequicksearchbox (has extras) } from null (pid=-1, uid=-1) requires com.google.android.googlequicksearchbox.permission.LAUNCH_FROM_GMM due to registered receiver BroadcastFilter{2fd2998 10246/u0 ReceiverList{e5f977b 24681 com.google.android.googlequicksearchbox:search/10246/u0 remote:a1f530a}}
2022-04-13 21:10:44.683  1181-1235  BroadcastQueue               pid-1181                             W  Permission Denial: broadcasting Intent { act=com.google.android.apps.gmm.NAVIGATION_STATE flg=0x10 pkg=com.google.android.gms (has extras) } from null (pid=-1, uid=-1) requires com.google.android.googlequicksearchbox.permission.LAUNCH_FROM_GMM due to registered receiver BroadcastFilter{2fd2998 10246/u0 ReceiverList{e5f977b 24681 com.google.android.googlequicksearchbox:search/10246/u0 remote:a1f530a}}
2022-04-13 21:10:44.684  1181-2222  WindowManager                pid-1181                             V  Relayout Window{f64145f u0 Toast}: viewVisibility=0 req=907x154 d0
2022-04-13 21:10:44.685  1181-2222  WindowManager                pid-1181                             D  makeSurface duration=1 name=Toast$_1625
2022-04-13 21:10:44.687  1181-2222  WindowManager                pid-1181                             V  Relayout hash=f64145f, pid=1625: mAttrs={(0,906)(wrapxwrap) gr=BOTTOM CENTER sim={adjust=pan} ty=TOAST fmt=TRANSLUCENT wanim=0x1030004
                                                                                                           fl=1000098
                                                                                                           pfl=32000000
                                                                                                           bhv=DEFAULT
                                                                                                           fitTypes=STATUS_BARS NAVIGATION_BARS CAPTION_BAR
                                                                                                           fitIgnoreVis naviIconColor=0}
2022-04-13 21:10:44.692  1181-1438  ConnectivityService          pid-1181                             D   Removing from current network [111 WIFI|VPN], leaving 140 requests.
2022-04-13 21:10:44.712  1181-4774  WindowManager                pid-1181                             D  finishDrawingWindow: Window{f64145f u0 Toast} mDrawState=DRAW_PENDING
2022-04-13 21:10:44.717  1181-1229  PowerManagerService          pid-1181                             D  [api] acquire WakeLock SCREEN_BRIGHT_WAKE_LOCK        'WindowManager' ON_AFTER_RELEASE (uid=1000 pid=1181 ws=WorkSource{10055} displayId=-1)
2022-04-13 21:10:44.720  1181-4778  InputMethodManagerService    pid-1181                             I  isAccessoryKeyboard 5
2022-04-13 21:10:44.722  1181-4774  Inp...agerServicePhysicalKey pid-1181                             D  isConnectedDexOnPC false
2022-04-13 21:10:44.722  1181-4774  InputMethodManagerService    pid-1181                             D  isImeSwitcherDisabledPackage : false
2022-04-13 21:10:44.722  1181-4774  InputMethodManagerService    pid-1181                             D  shouldShowImeSwitcherLocked isHardKeyboardAvailable return true
2022-04-13 21:10:44.722  1181-4774  InputMethodManagerService    pid-1181                             I  setImeWindowStatus: vis=3, backDisposition=0
2022-04-13 21:10:44.723  1181-4774  InputTransport               pid-1181                             D  Input channel destroyed: '457052 ', fd=924
2022-04-13 21:10:44.724  1181-4774  InputManager-JNI             pid-1181                             W  Input channel object '457052 dismiss-button-overlay (client)' was disposed without first being removed with the input manager!
2022-04-13 21:10:44.724  1181-4774  InputTransport               pid-1181                             D  Input channel destroyed: '457052 ', fd=926
2022-04-13 21:10:44.729  1181-1181  SamsungAlarmManager          pid-1181                             V  setLocked to kernel - W:33504040 / NW:33482787, now=33467516
2022-04-13 21:10:44.729  1181-4774  InputTransport               pid-1181                             D  Input channel constructed: '5ba92ba', fd=924
2022-04-13 21:10:44.729  1181-4774  InputTransport               pid-1181                             D  Input channel constructed: '5ba92ba', fd=926
2022-04-13 21:10:44.730  1181-4774  InputTransport               pid-1181                             D  Input channel constructed: '5ba92ba', fd=940
2022-04-13 21:10:44.731  1181-4774  InputTransport               pid-1181                             D  Input channel destroyed: '5ba92ba', fd=940
2022-04-13 21:10:44.733  1181-4774  WAL...allpaperManagerService pid-1181                             D  getWallpaperSafeLocked, userId = 0, which = 1, caller = com.android.server.wallpaper.WallpaperManagerService.semGetWallpaperType:6031 
2022-04-13 21:10:44.733  1181-4774  WallpaperManagerService      pid-1181                             D  which : 1, return type : 0 (called by userId= 0)
2022-04-13 21:10:44.733  1181-4778  WindowManager                pid-1181                             V  Relayout Window{9f8b67d u0 InputMethod}: viewVisibility=0 req=1080x2322 d0
2022-04-13 21:10:44.734  1181-4778  WindowManager                pid-1181                             V  Relayout hash=9f8b67d, pid=4393: mAttrs={(0,0)(fillxfill) gr=BOTTOM CENTER_VERTICAL sim={adjust=pan} ty=INPUT_METHOD fmt=TRANSPARENT wanim=0x1030056 preferredMinDisplayRefreshRate=60.0 receive insets ignoring z-order
                                                                                                           fl=81800108
                                                                                                           pfl=12000000
                                                                                                           bhv=DEFAULT
                                                                                                           fitTypes=STATUS_BARS NAVIGATION_BARS
                                                                                                           fitSides=LEFT TOP RIGHT
                                                                                                           fitIgnoreVis dimAmount=0.35 dimDuration=150 naviIconColor=0}
2022-04-13 21:10:44.735  1181-4774  InputMethodManagerService    pid-1181                             D  hideSoftInput
2022-04-13 21:10:44.735  1181-4774  InputMethodManagerService    pid-1181                             V  Client requesting input be hidden
2022-04-13 21:10:44.735  1181-4774  InputMethodManagerService    pid-1181                             I  Calling com.android.internal.view.IInputMethod$Stub$Proxy@a0d3835.hideSoftInput(0, android.os.Binder@c807d61, null) for reason: HIDE_SOFT_INPUT
2022-04-13 21:10:44.735  1181-4774  InputMethodManagerService    pid-1181                             V  hideCurrentInputLocked : send MSG_HIDE_SOFT_INPUT
2022-04-13 21:10:44.743  1181-4774  CompatibilityChangeReporter  pid-1181                             D  Compat change id reported: 135634846; UID 10070; state: DISABLED
2022-04-13 21:10:44.743  1181-4774  CompatibilityChangeReporter  pid-1181                             D  Compat change id reported: 177438394; UID 10070; state: DISABLED
2022-04-13 21:10:44.743  1181-4774  CompatibilityChangeReporter  pid-1181                             D  Compat change id reported: 135772972; UID 10070; state: DISABLED
2022-04-13 21:10:44.743  1181-4774  CompatibilityChangeReporter  pid-1181                             D  Compat change id reported: 135754954; UID 10070; state: ENABLED
2022-04-13 21:10:44.743  1181-1236  CompatibilityChangeReporter  pid-1181                             D  Compat change id reported: 143937733; UID 10070; state: ENABLED
2022-04-13 21:10:44.751  1181-4774  WindowManager                pid-1181                             V  Relayout Window{f64145f u0 Toast}: viewVisibility=0 req=907x154 d0
2022-04-13 21:10:44.753  1181-4774  WindowManager                pid-1181                             V  Relayout hash=f64145f, pid=1625: mAttrs={(0,906)(wrapxwrap) gr=BOTTOM CENTER sim={adjust=pan} ty=TOAST fmt=TRANSLUCENT wanim=0x1030004
                                                                                                           fl=1000098
                                                                                                           pfl=32000000
                                                                                                           bhv=DEFAULT
                                                                                                           fitTypes=STATUS_BARS NAVIGATION_BARS CAPTION_BAR
                                                                                                           fitIgnoreVis naviIconColor=0}
2022-04-13 21:10:44.758  1181-4774  WindowManager                pid-1181                             V  Relayout Window{29c66b7 u0 NavigationBar0}: viewVisibility=0 req=1080x135 d0
2022-04-13 21:10:44.760  1181-1853  InputMethodManagerService    pid-1181                             D  mSecureKeypadEnabled = false
2022-04-13 21:10:44.760  1181-4774  WindowManager                pid-1181                             V  Relayout hash=29c66b7, pid=1625: mAttrs={(0,0)(fillxfill) sim={adjust=pan} layoutInDisplayCutoutMode=always ty=NAVIGATION_BAR fmt=TRANSLUCENT receive insets ignoring z-order
                                                                                                           fl=21840068
                                                                                                           pfl=33000000
                                                                                                           bhv=DEFAULT naviIconColor=0}
2022-04-13 21:10:44.760  1181-1853  InputMethodManagerService    pid-1181                             D  DESKTOP MODE! : 2
2022-04-13 21:10:44.760  1181-1853  InputMethodManagerService    pid-1181                             D  NOT IN KNOX DESKTOP MODE!
2022-04-13 21:10:44.760  1181-1853  InputMethodManagerService    pid-1181                             V  getDisplayIdOfInputMethodWindowToBeAdded : 0
2022-04-13 21:10:44.760  1181-1853  InputMethodManagerService    pid-1181                             D  checkDisplayOfStartInputAndUpdateKeyboard display Id 0last 0
2022-04-13 21:10:44.761  1181-1853  InputTransport               pid-1181                             D  Input channel constructed: 'ClientS', fd=940
2022-04-13 21:10:44.761  1181-1853  InputTransport               pid-1181                             D  Input channel destroyed: 'ClientS', fd=940
2022-04-13 21:10:44.762  1181-1236  ActivityManager              pid-1181                             I  Start proc 3051:com.samsung.android.app.earphonetypec/u0a70 for broadcast {com.samsung.android.app.earphonetypec/com.samsung.android.app.earphonetypec.receiver.UsbBroadcastReceiver}
2022-04-13 21:10:44.774  1181-4774  WindowManager                pid-1181                             V  Relayout Window{5ba92ba u0 dismiss-button-overlay}: viewVisibility=4 req=1080x2400 d0
2022-04-13 21:10:44.775  1181-4774  WindowManager                pid-1181                             V  Relayout hash=5ba92ba, pid=1625: mAttrs={(0,0)(1080x2400) gr=TOP START CENTER sim={adjust=pan} layoutInDisplayCutoutMode=shortEdges ty=2605 fmt=TRANSPARENT
                                                                                                           fl=1000338
                                                                                                           pfl=12000050
                                                                                                           bhv=DEFAULT naviIconColor=0
                                                                                                           sfl=20000}
2022-04-13 21:10:44.779  1181-4774  WindowManager                pid-1181                             D  finishDrawingWindow: Window{3f365 u0 StatusBar} mDrawState=DRAW_PENDING
2022-04-13 21:10:44.780  1181-4774  WindowManager                pid-1181                             D  finishDrawingWindow: Window{29c66b7 u0 NavigationBar0} mDrawState=DRAW_PENDING
2022-04-13 21:10:44.789  1181-4774  WindowManager                pid-1181                             D  finishDrawingWindow: Window{9f8b67d u0 InputMethod} mDrawState=DRAW_PENDING
2022-04-13 21:10:44.794  1181-1853  ActivityManager              pid-1181                             I  Changes in 90004 3 to 17, 8 to 0
2022-04-13 21:10:44.794  1181-1226  NetworkPolicy                pid-1181                             D  onUidStateChanged() uid: 90004, isForeground(false, 17)
2022-04-13 21:10:44.797  1181-1208  ActivityManager              pid-1181                             I  Process com.{anonymized}:auth (pid 32273) has died: cch+99 CEM (324,2177)
2022-04-13 21:10:44.797  1181-1207  ConnectivityService          pid-1181                             D  ConnectivityService NetworkRequestInfo binderDied(uid/pid:10436/32273, [NetworkRequest [ LISTEN id=1063, [ Capabilities: INTERNET&NOT_RESTRICTED&TRUSTED&NOT_VPN&FOREGROUND&NOT_VCN_MANAGED Uid: 10436 RequestorUid: 10436 RequestorPkg: com.{anonymized} UnderlyingNetworks: Null] ]], android.os.BinderProxy@431770e)
2022-04-13 21:10:44.797  1181-1237  libprocessgroup              pid-1181                             I  Successfully killed process cgroup uid 10436 pid 32273 in 0ms
2022-04-13 21:10:44.803  1181-4778  MediaFocusControl            pid-1181                             I  abandonAudioFocus() from uid/pid 10255/1713 clientId=android.media.AudioManager@236162forg.chromium.content.browser.AudioFocusDelegate@33efacf
2022-04-13 21:10:44.803  1181-4778  MediaFocusControl            pid-1181                             D  selectFocusStack, uid = 10255, appDevice = 0, device = 2
2022-04-13 21:10:44.805  1181-1515  NetdEventListenerService     pid-1181                             D  DNS Requested by : 111, 10290, 0
2022-04-13 21:10:44.815  1181-2757  NetlinkSocket                pid-1181                             W  maximum read
2022-04-13 21:10:44.818  1181-2757  NetlinkSocket                pid-1181                             W  maximum read
2022-04-13 21:10:44.819  1181-2757  NetlinkSocket                pid-1181                             W  maximum read
2022-04-13 21:10:44.820  1181-2757  NetlinkSocket                pid-1181                             W  maximum read
2022-04-13 21:10:44.822  1181-1226  NetworkPolicy                pid-1181                             D  onUidStateChanged() uid: 10070, isForeground(false, 19)
2022-04-13 21:10:44.824  1181-1853  ProcessStats                 pid-1181                             E  Executing service ServiceState{9226076 org.chromium.content.app.SandboxedProcessService0 pkg=com.android.chrome proc=e4b3677} without owner
2022-04-13 21:10:44.824  1181-1853  ProcessStats                 pid-1181                             E  Binding service ServiceState{9226076 org.chromium.content.app.SandboxedProcessService0 pkg=com.android.chrome proc=e4b3677} without owner
2022-04-13 21:10:44.824  1181-1853  ProcessStats                 pid-1181                             E  Starting service ServiceState{9226076 org.chromium.content.app.SandboxedProcessService0 pkg=com.android.chrome proc=e4b3677} without owner
2022-04-13 21:10:44.825  1181-1853  ProcessStats                 pid-1181                             E  Binding service ServiceState{9226076 org.chromium.content.app.SandboxedProcessService0 pkg=com.android.chrome proc=e4b3677} without owner
2022-04-13 21:10:44.825  1181-1853  ActivityManager              pid-1181                             I  Killing 6055:com.android.chrome:sandboxed_process0:org.chromium.content.app.SandboxedProcessService0:4/u0a255i-8996 (adj 0): isolated not needed
2022-04-13 21:10:44.827  1181-4774  CompatibilityChangeReporter  pid-1181                             D  Compat change id reported: 168419799; UID 10070; state: DISABLED
2022-04-13 21:10:44.828  1181-4774  ActivityManager              pid-1181                             I  DSS OFF for com.samsung.android.app.earphonetypec
2022-04-13 21:10:44.833  1181-4774  ActivityManager              pid-1181                             D  attachApplicationLocked() app=ProcessRecord{dffb7a4 3051:com.samsung.android.app.earphonetypec/u0a70} app.isolatedEntryPoint=null instr2=null
2022-04-13 21:10:44.835  1181-1235  DropBoxManagerService        pid-1181                             I  add tag=system_server_wtf isTagEnabled=true flags=0x2
2022-04-13 21:10:44.839  1181-1208  ConnectivityService          pid-1181                             D  ConnectivityService NetworkRequestInfo binderDied(uid/pid:10275/31340, [NetworkRequest [ LISTEN id=1053, [ Capabilities: NOT_RESTRICTED&TRUSTED&NOT_VPN&FOREGROUND&NOT_VCN_MANAGED Uid: 10275 RequestorUid: 10275 RequestorPkg: com.microsoft.office.outlook UnderlyingNetworks: Null] ]], android.os.BinderProxy@1838b27)
2022-04-13 21:10:44.839  1181-4778  ConnectivityService          pid-1181                             D  ConnectivityService NetworkRequestInfo binderDied(uid/pid:10275/31340, [NetworkRequest [ REQUEST id=1045, [ Capabilities: INTERNET&NOT_RESTRICTED&TRUSTED&NOT_VCN_MANAGED Uid: 10275 RequestorUid: 10275 RequestorPkg: com.microsoft.office.outlook UnderlyingNetworks: Null] ]], android.os.BinderProxy@9251d4)
2022-04-13 21:10:44.839  1181-1207  ConnectivityService          pid-1181                             D  ConnectivityService NetworkRequestInfo binderDied(uid/pid:10275/31340, [NetworkRequest [ LISTEN id=1043, [ Capabilities: INTERNET&NOT_RESTRICTED&TRUSTED&NOT_VPN&FOREGROUND&NOT_VCN_MANAGED Uid: 10275 RequestorUid: 10275 RequestorPkg: com.microsoft.office.outlook UnderlyingNetworks: Null] ]], android.os.BinderProxy@1339f7d)
2022-04-13 21:10:44.840  1181-1438  ConnectivityService          pid-1181                             D  releasing NetworkRequest [ REQUEST id=1045, [ Capabilities: INTERNET&NOT_RESTRICTED&TRUSTED&NOT_VCN_MANAGED Uid: 10275 RequestorUid: 10275 RequestorPkg: com.microsoft.office.outlook UnderlyingNetworks: Null] ] (release request)
2022-04-13 21:10:44.840  1181-1438  ConnectivityService          pid-1181                             D   Removing from current network [111 WIFI|VPN], leaving 139 requests.
2022-04-13 21:10:44.842  1181-4778  ActivityManager              pid-1181                             I  Process com.microsoft.office.outlook (pid 31340) has died: cch+99 CEM (382,2178)
2022-04-13 21:10:44.844  1181-1237  libprocessgroup              pid-1181                             I  Successfully killed process cgroup uid 90004 pid 6055 in 16ms
2022-04-13 21:10:44.845  1181-1853  InputTransport               pid-1181                             D  Input channel destroyed: '838abc3', fd=944
2022-04-13 21:10:44.845  1181-1853  InputManager-JNI             pid-1181                             W  Input channel object '838abc3 com.android.chrome/com.google.android.apps.chrome.Main (client)' was disposed without first being removed with the input manager!
2022-04-13 21:10:44.845  1181-1853  InputTransport               pid-1181                             D  Input channel destroyed: '838abc3', fd=945
2022-04-13 21:10:44.845  1181-1853  RestrictionPolicy            pid-1181                             D  isScreenCaptureEnabled : ret=true userId=0
2022-04-13 21:10:44.845  1181-1853  WindowManager                pid-1181                             I  Cancelling animation restarting=true, leash=Surface(name=Surface(name=9f8b67d InputMethod)/@0xdc021c3 - animation-leash of insets_animation)/@0x3774d62
2022-04-13 21:10:44.845  1181-1853  WindowManager                pid-1181                             I  Reparenting to original parent: Surface(name=WindowToken{a72a9f3 android.os.Binder@851c462})/@0x4e9fa40, destroy=false, surface=Surface(name=9f8b67d InputMethod)/@0xdc021c3
2022-04-13 21:10:44.845  1181-1853  WindowManager                pid-1181                             I  Reparenting to leash, surface=Surface(name=9f8b67d InputMethod)/@0xdc021c3, leashParent=Surface(name=WindowToken{a72a9f3 android.os.Binder@851c462})/@0x4e9fa40
2022-04-13 21:10:44.846  1181-1853  WindowManager                pid-1181                             D  makeSurface duration=1 leash=Surface(name=Surface(name=9f8b67d InputMethod)/@0xdc021c3 - animation-leash of insets_animation)/@0x713b2c3
2022-04-13 21:10:44.846  1181-1853  WindowManager                pid-1181                             I  Destroying surface Surface(name=com.android.chrome/com.google.android.apps.chrome.Main$_1713)/@0x9acb740 called by com.android.server.wm.WindowStateAnimator.destroySurface:987 com.android.server.wm.WindowStateAnimator.destroySurfaceLocked:518 com.android.server.wm.WindowState.removeImmediately:2960 com.android.server.wm.WindowState.removeIfPossible:3151 com.android.server.wm.WindowState.removeIfPossible:2984 com.android.server.wm.WindowManagerService.removeWindow:2243 com.android.server.wm.Session.remove:225 android.view.IWindowSession$Stub.onTransact:746 
2022-04-13 21:10:44.846  1181-4778  InputDispatcher              pid-1181                             D  Focus left window (0): 838abc3 com.android.chrome/com.google.android.apps.chrome.Main
2022-04-13 21:10:44.848  1181-1853  WindowManager                pid-1181                             V  Changing focus from Window{838abc3 u0 com.android.chrome/com.google.android.apps.chrome.Main} to null displayId=0 Callers=com.android.server.wm.RootWindowContainer.updateFocusedWindowLocked:583 com.android.server.wm.WindowManagerService.updateFocusedWindowLocked:6461 com.android.server.wm.WindowState.removeIfPossible:3160 com.android.server.wm.WindowState.removeIfPossible:2984 
2022-04-13 21:10:44.848  1181-1853  MARsPolicyManager            pid-1181                             D  onPackageResumedFG pkgName = com.android.chrome, userId = 0
2022-04-13 21:10:44.848  1181-1853  StatusBarManagerService      pid-1181                             D  notifyRequestedSystemKey recent=false home=false
2022-04-13 21:10:44.849  1181-4778  WindowManager                pid-1181                             W  Failed looking up window session=Session{d0806d4 1713:u0a10255} callers=com.android.server.wm.WindowManagerService.windowForClientLocked:6285 com.android.server.wm.Session.insetsModified:700 android.view.IWindowSession$Stub.onTransact:1256 
2022-04-13 21:10:44.850  1181-1225  UsbDeviceManager             pid-1181                             D  handleMessage -> MSG_UPDATE_PORT_STATE: mSupportsAllCombinations=false mAudioAccessorySupported=false mAudioAccessoryConnected=false
2022-04-13 21:10:44.851  1181-1225  UsbDeviceManager             pid-1181                             D  updateUsbNotification(false): mConnected=false mHostConnected=true mSourcePower=true mSinkPower=false mUsbCharging=false
2022-04-13 21:10:44.851  1181-1225  DexObserverFW                pid-1181                             D  isDexModeOn() : false
2022-04-13 21:10:44.851  1181-1225  DexObserverFW                pid-1181                             D  isSemiDexModeOn() : false
2022-04-13 21:10:44.853  1181-1225  ApplicationPolicy            pid-1181                             D  isStatusBarNotificationAllowedAsUser: packageName = android,userId = 0
2022-04-13 21:10:44.853  1181-1225  ApplicationPolicy            pid-1181                             D  isStatusBarNotificationAllowedAsUser: packageName = android,userId = -1
2022-04-13 21:10:44.853  1181-1225  ApplicationPolicy            pid-1181                             D  isStatusBarNotificationAllowedAsUser: converting userId from USER_ALLto 0
2022-04-13 21:10:44.854  1181-1225  UsbDeviceManager             pid-1181                             D  notifyAsUser: id=0 title=Verbundenes Gert wird ber USB aufgeladen
2022-04-13 21:10:44.854  1181-1225  UsbDeviceManager             pid-1181                             D  updateUsbStateBroadcastIfNeeded: functions=mtp,conn_gadget,adb
2022-04-13 21:10:44.854  1181-1225  UsbDeviceManager             pid-1181                             D  broadcasting Intent { act=android.hardware.usb.action.USB_STATE flg=0x31000000 (has extras) } extras: Bundle[{host_connected=true, connected=false, unlocked=true, config_changed=false, adb=true, mtp=true, conn_gadget=true, configured=false}]
2022-04-13 21:10:44.859  1181-1493  SemNscXgbMsL1                pid-1181                             D  Probability - Cloud gaming: [0.0058672656]
2022-04-13 21:10:44.859  1181-1493  SemNscXgbMsL1                pid-1181                             D  Probability - Real time: [0.085583106]
2022-04-13 21:10:44.860  1181-1493  SemNscXgbMsL1                pid-1181                             D  Probability - Non real time: [0.97667503]
2022-04-13 21:10:44.860  1181-1493  SemNscXgbMsL1                pid-1181                             D  1 sample inference time: 0.4625 msecs
2022-04-13 21:10:44.860  1181-1493  SemNscXgbL2Rt                pid-1181                             D  L2 RT 1 sample inference time: 0.511154 msecs
2022-04-13 21:10:44.861  1181-1493  SemNscXgbL2Nrt               pid-1181                             D  L2 NRT 1 sample inference time: 0.427115 msecs
2022-04-13 21:10:44.868  1181-1235  DropBoxManagerService        pid-1181                             I  add tag=system_server_wtf isTagEnabled=true flags=0x2
2022-04-13 21:10:44.868  1181-1665  ConnectivityService          pid-1181                             D  requestNetwork for uid/pid:10255/1713 activeRequest: null callbackRequest: 1079 [NetworkRequest [ REQUEST id=1080, [ Capabilities: INTERNET&NOT_RESTRICTED&TRUSTED&NOT_VCN_MANAGED Uid: 10255 RequestorUid: 10255 RequestorPkg: com.android.chrome UnderlyingNetworks: Null] ]] callback flags: 0 order: 2147483647
2022-04-13 21:10:44.869  1181-1438  ConnectivityService          pid-1181                             D  NetworkReassignment :
                                                                                                           1080 : null  111
2022-04-13 21:10:44.869  1181-1438  ConnectivityService          pid-1181                             D     accepting network in place of null
2022-04-13 21:10:44.870  1181-1427  UntrustedWifiNetworkFactory  pid-1181                             D  got request NetworkRequest [ REQUEST id=1080, [ Capabilities: INTERNET&NOT_RESTRICTED&TRUSTED&NOT_VCN_MANAGED Uid: 10255 RequestorUid: 10255 RequestorPkg: com.android.chrome UnderlyingNetworks: Null] ]
2022-04-13 21:10:44.870  1181-1427  OemPaidWifiNetworkFactory    pid-1181                             D  got request NetworkRequest [ REQUEST id=1080, [ Capabilities: INTERNET&NOT_RESTRICTED&TRUSTED&NOT_VCN_MANAGED Uid: 10255 RequestorUid: 10255 RequestorPkg: com.android.chrome UnderlyingNetworks: Null] ]
2022-04-13 21:10:44.871  1181-1438  ConnectivityService          pid-1181                             D  NetworkReassignment : no changes
2022-04-13 21:10:44.883  1181-1235  DropBoxManagerService        pid-1181                             I  add tag=system_server_wtf isTagEnabled=true flags=0x2
2022-04-13 21:10:44.893  1181-1665  InputMethodManagerService    pid-1181                             I  isAccessoryKeyboard 5
2022-04-13 21:10:44.895  1181-4778  InputMethodManagerService    pid-1181                             I  isAccessoryKeyboard 5
2022-04-13 21:10:44.898  1181-4778  Inp...agerServicePhysicalKey pid-1181                             D  isConnectedDexOnPC false
2022-04-13 21:10:44.898  1181-1665  InputMethodManagerService    pid-1181                             I  isAccessoryKeyboard 5
2022-04-13 21:10:44.898  1181-4778  InputMethodManagerService    pid-1181                             D  isImeSwitcherDisabledPackage : false
2022-04-13 21:10:44.898  1181-4778  InputMethodManagerService    pid-1181                             D  shouldShowImeSwitcherLocked isHardKeyboardAvailable return true
2022-04-13 21:10:44.898  1181-4778  InputMethodManagerService    pid-1181                             I  setImeWindowStatus: vis=3, backDisposition=0
2022-04-13 21:10:44.899  1181-4778  InputMethodManagerService    pid-1181                             I  isAccessoryKeyboard 5
2022-04-13 21:10:44.901  1181-4778  Inp...agerServicePhysicalKey pid-1181                             D  isConnectedDexOnPC false
2022-04-13 21:10:44.901  1181-1235  DropBoxManagerService        pid-1181                             I  add tag=system_server_wtf isTagEnabled=true flags=0x2
2022-04-13 21:10:44.901  1181-4778  InputMethodManagerService    pid-1181                             D  isImeSwitcherDisabledPackage : false
2022-04-13 21:10:44.901  1181-4778  InputMethodManagerService    pid-1181                             D  shouldShowImeSwitcherLocked isHardKeyboardAvailable return true
2022-04-13 21:10:44.901  1181-4778  InputMethodManagerService    pid-1181                             I  setImeWindowStatus: vis=3, backDisposition=0
2022-04-13 21:10:44.901  1181-4778  Inp...agerServicePhysicalKey pid-1181                             D  isConnectedDexOnPC false
2022-04-13 21:10:44.901  1181-4778  InputMethodManagerService    pid-1181                             D  isImeSwitcherDisabledPackage : false
2022-04-13 21:10:44.901  1181-4778  InputMethodManagerService    pid-1181                             I  setImeWindowStatus: vis=0, backDisposition=0
2022-04-13 21:10:44.913  1181-1244  BatteryExternalStatsWorker   pid-1181                             D  update stats : remove-uid (1)
2022-04-13 21:10:44.914  1181-1237  libprocessgroup              pid-1181                             I  Successfully killed process cgroup uid 10275 pid 31340 in 0ms
2022-04-13 21:10:44.915  1181-4787  InputMethodManagerService    pid-1181                             I  isAccessoryKeyboard 5
2022-04-13 21:10:44.917  1181-1854  InputTransport               pid-1181                             D  Input channel constructed: 'b49dd88', fd=942
2022-04-13 21:10:44.917  1181-1854  InputTransport               pid-1181                             D  Input channel constructed: 'b49dd88', fd=943
2022-04-13 21:10:44.918  1181-1854  InputTransport               pid-1181                             D  Input channel constructed: 'b49dd88', fd=944
2022-04-13 21:10:44.919  1181-1854  RestrictionPolicy            pid-1181                             D  isScreenCaptureEnabled : ret=true userId=0
2022-04-13 21:10:44.919  1181-1854  InputTransport               pid-1181                             D  Input channel destroyed: 'b49dd88', fd=944
2022-04-13 21:10:44.920  1181-4778  InsetsSourceProvider         pid-1181                             D  updateVisibility: serverVisible=true, clientVisible=false, source=InsetsSource: {mType=ITYPE_IME, mFrame=[0,1539][1080,2400], mVisible=false, mWindowFrame=[0,0][0,0]}, controlTarget=com.android.server.wm.DisplayContent$RemoteInsetsControlTarget@4de3abe, from=com.android.server.wm.ImeInsetsSourceProvider.updateVisibility:89 com.android.server.wm.InsetsSourceProvider.setClientVisible:428 com.android.server.wm.InsetsSourceProvider.updateClientVisibility:413 com.android.server.wm.InsetsStateController.onInsetsModified:508 com.android.server.wm.WindowManagerService.modifyDisplayWindowInsets:4642 android.view.IWindowManager$Stub.onTransact:3105 com.android.server.wm.WindowManagerService.onTransact:1600 android.os.Binder.execTransactInternal:1220 android.os.Binder.execTransact:1179 <bottom of call stack> 
2022-04-13 21:10:44.921  1181-1228  WindowManager                pid-1181                             I  Cancelling animation restarting=true, leash=Surface(name=Surface(name=3f365 StatusBar)/@0x645c7ff - animation-leash of insets_animation)/@0xb73e808
2022-04-13 21:10:44.921  1181-1228  WindowManager                pid-1181                             I  Reparenting to original parent: Surface(name=WindowToken{6d0b2cf android.os.BinderProxy@e7fa5a9})/@0xce009cc, destroy=false, surface=Surface(name=3f365 StatusBar)/@0x645c7ff
2022-04-13 21:10:44.922  1181-1228  WindowManager                pid-1181                             I  Reparenting to leash, surface=Surface(name=3f365 StatusBar)/@0x645c7ff, leashParent=Surface(name=WindowToken{6d0b2cf android.os.BinderProxy@e7fa5a9})/@0xce009cc
2022-04-13 21:10:44.923  1181-1244  system_server                pid-1181                             E  Cannot read thread CPU times for PID 1181
2022-04-13 21:10:44.923  1181-1244  BatteryExternalStatsWorker   pid-1181                             D  done updateExternalStatsLocked
2022-04-13 21:10:44.923  1181-1228  WindowManager                pid-1181                             D  makeSurface duration=1 leash=Surface(name=Surface(name=3f365 StatusBar)/@0x645c7ff - animation-leash of insets_animation)/@0xc914e8f
2022-04-13 21:10:44.923  1181-1228  WindowManager                pid-1181                             I  Reparenting to leash, surface=Surface(name=29c66b7 NavigationBar0)/@0xcbcd32a, leashParent=Surface(name=WindowToken{cb168ea android.os.BinderProxy@b5bb98c})/@0x138e51b
2022-04-13 21:10:44.925  1181-1228  WindowManager                pid-1181                             D  makeSurface duration=2 leash=Surface(name=Surface(name=29c66b7 NavigationBar0)/@0xcbcd32a - animation-leash of insets_animation)/@0x168351c
2022-04-13 21:10:44.928  1181-1665  ActivityManager              pid-1181                             I  Changes in 10190 19 to 3, 0 to 8
2022-04-13 21:10:44.929  1181-1226  NetworkPolicy                pid-1181                             D  onUidStateChanged() uid: 10190, isForeground(true, 3)
2022-04-13 21:10:44.934  1181-1665  Inp...agerServicePhysicalKey pid-1181                             D  isConnectedDexOnPC false
2022-04-13 21:10:44.934  1181-1665  InputMethodManagerService    pid-1181                             D  isImeSwitcherDisabledPackage : false
2022-04-13 21:10:44.934  1181-1665  InputMethodManagerService    pid-1181                             I  setImeWindowStatus: vis=0, backDisposition=0
2022-04-13 21:10:44.938  1181-1854  WindowManager                pid-1181                             V  Relayout Window{b49dd88 u0 com.android.chrome/com.google.android.apps.chrome.Main}: viewVisibility=0 req=1080x2400 d0
2022-04-13 21:10:44.938  1181-1854  RestrictionPolicy            pid-1181                             D  isScreenCaptureEnabled : ret=true userId=0
2022-04-13 21:10:44.939  1181-1854  WindowManager                pid-1181                             D  makeSurface duration=1 name=com.android.chrome/com.google.android.apps.chrome.Main$_1713
2022-04-13 21:10:44.941  1181-1854  WindowManager                pid-1181                             V  Changing focus from null to Window{b49dd88 u0 com.android.chrome/com.google.android.apps.chrome.Main} displayId=0 Callers=com.android.server.wm.RootWindowContainer.updateFocusedWindowLocked:583 com.android.server.wm.WindowManagerService.updateFocusedWindowLocked:6461 com.android.server.wm.WindowManagerService.relayoutWindow:2746 com.android.server.wm.Session.relayout:242 
2022-04-13 21:10:44.941  1181-1854  StatusBarManagerService      pid-1181                             D  notifyRequestedSystemKey recent=false home=false
2022-04-13 21:10:44.942  1181-1854  WindowManager                pid-1181                             V  Relayout hash=b49dd88, pid=1713: mAttrs={(0,0)(fillxfill) sim={state=always_hidden adjust=resize} ty=BASE_APPLICATION fmt=TRANSLUCENT wanim=0x1030303 sysuil=true
                                                                                                           fl=81810100
                                                                                                           pfl=12020040
                                                                                                           bhv=DEFAULT
                                                                                                           fitSides= naviIconColor=0}
2022-04-13 21:10:44.942  1181-1665  Inp...agerServicePhysicalKey pid-1181                             D  isConnectedDexOnPC false
2022-04-13 21:10:44.942  1181-1665  InputMethodManagerService    pid-1181                             D  isImeSwitcherDisabledPackage : false
2022-04-13 21:10:44.942  1181-1665  InputMethodManagerService    pid-1181                             I  setImeWindowStatus: vis=0, backDisposition=0
2022-04-13 21:10:44.943  1181-1854  WindowManager                pid-1181                             V  Relayout Window{9f8b67d u0 InputMethod}: viewVisibility=0 req=1080x2322 d0
2022-04-13 21:10:44.945  1181-1854  WindowManager                pid-1181                             V  Relayout hash=9f8b67d, pid=4393: mAttrs={(0,0)(fillxfill) gr=BOTTOM CENTER_VERTICAL sim={adjust=pan} ty=INPUT_METHOD fmt=TRANSPARENT wanim=0x1030056 preferredMinDisplayRefreshRate=60.0 receive insets ignoring z-order
                                                                                                           fl=81800108
                                                                                                           pfl=12000000
                                                                                                           bhv=DEFAULT
                                                                                                           fitTypes=STATUS_BARS NAVIGATION_BARS
                                                                                                           fitSides=LEFT TOP RIGHT
                                                                                                           fitIgnoreVis dimAmount=0.35 dimDuration=150 naviIconColor=0}
2022-04-13 21:10:44.946  1181-4778  InputDispatcher              pid-1181                             D  Focus request (0): b49dd88 com.android.chrome/com.google.android.apps.chrome.Main but waiting because NOT_VISIBLE
2022-04-13 21:10:44.955  1181-4787  RestrictionPolicy            pid-1181                             D  isUsbHostStorageAllowed : true
2022-04-13 21:10:44.956  1181-4787  RestrictionPolicy            pid-1181                             D  getUsbExceptionList.
2022-04-13 21:10:44.960  1181-1665  WindowManager                pid-1181                             D  finishDrawingWindow: Window{b49dd88 u0 com.android.chrome/com.google.android.apps.chrome.Main} mDrawState=DRAW_PENDING
2022-04-13 21:10:44.960  1181-1665  WindowManager                pid-1181                             I  finishDrawing of relaunch: Window{b49dd88 u0 com.android.chrome/com.google.android.apps.chrome.Main} 338ms
2022-04-13 21:10:44.964  1181-1665  WindowManager                pid-1181                             D  finishDrawingWindow: Window{9f8b67d u0 InputMethod} mDrawState=HAS_DRAWN
