2022-04-13 21:10:43.844  1181-1225  UsbPortManager               pid-1181                             D  mPorts(0) DISPOSITION_CHANGED -> DISPOSITION_READY
2022-04-13 21:10:43.844  1181-1225  UsbPortManager               pid-1181                             D  updatePortsLocked()--
2022-04-13 21:10:43.844  1181-1225  UsbPortManager               pid-1181                             D  updatePortsLocked()++
2022-04-13 21:10:43.844  1181-1225  UsbPortManager               pid-1181                             D  addOrUpdatePortLocked()++ : portId=port0 supportedModes=dual currentMode=dfp canChangeMode=true currentPowerRole=source canChangePowerRole=false currentDataRole=host canChangeDataRole=false
2022-04-13 21:10:43.844  1181-1225  UsbPortManager               pid-1181                             D  supportedRoleCombinations=272
2022-04-13 21:10:43.844  1181-1225  UsbPortManager               pid-1181                             D  supportedModes=dual
2022-04-13 21:10:43.845  1181-1225  UsbPortManager               pid-1181                             D  addOrUpdatePortLocked()--
2022-04-13 21:10:43.845  1181-1225  UsbPortManager               pid-1181                             D  mPorts size=1
2022-04-13 21:10:43.845  1181-1225  UsbPortManager               pid-1181                             D  mPorts(0) default: mDisposition=2
2022-04-13 21:10:43.845  1181-1225  UsbPortManager               pid-1181                             D  updatePortsLocked()--
2022-04-13 21:10:43.845  1181-1225  UsbPortManager               pid-1181                             D  updatePortsLocked()++
2022-04-13 21:10:43.845  1181-1225  UsbPortManager               pid-1181                             D  addOrUpdatePortLocked()++ : portId=port0 supportedModes=dual currentMode=dfp canChangeMode=true currentPowerRole=source canChangePowerRole=false currentDataRole=host canChangeDataRole=false
2022-04-13 21:10:43.845  1181-1181  UsbDeviceManager             pid-1181                             D  received ACTION_USB_OTG_CONNECTION
2022-04-13 21:10:43.846  1181-1181  UsbDeviceManager             pid-1181                             D  Set mSetNextUsbModeToDefault=true
2022-04-13 21:10:43.846  1181-1225  UsbPortManager               pid-1181                             D  supportedRoleCombinations=272
2022-04-13 21:10:43.847  1181-1225  UsbPortManager               pid-1181                             D  supportedModes=dual
2022-04-13 21:10:43.848  1181-1225  UsbPortManager               pid-1181                             D  addOrUpdatePortLocked()--
2022-04-13 21:10:43.848  1181-1225  UsbPortManager               pid-1181                             D  mPorts size=1
2022-04-13 21:10:43.848  1181-1225  UsbPortManager               pid-1181                             D  mPorts(0) default: mDisposition=2
2022-04-13 21:10:43.848  1181-1225  UsbPortManager               pid-1181                             D  updatePortsLocked()--
2022-04-13 21:10:43.849  1181-1181  UsbUI                        pid-1181                             D  mPortReceiver (Intent { act=android.hardware.usb.action.USB_PORT_CHANGED flg=0x11000010 (has extras) })
2022-04-13 21:10:43.849  1181-1181  UsbUI                        pid-1181                             D  oldSourcePower=false mSourcePower=true
2022-04-13 21:10:43.849  1181-1181  UsbDeviceManager             pid-1181                             D  received ACTION_USB_PORT_CHANGED
2022-04-13 21:10:43.849  1181-1181  UsbDeviceManager             pid-1181                             I  updateHostState UsbPort{id=port0, supportedModes=dualsupportedContaminantProtectionModes=1supportsEnableContaminantPresenceProtection=falsesupportsEnableContaminantPresenceDetection=true status=UsbPortStatus{connected=true, currentMode=dfp, currentPowerRole=source, currentDataRole=host, supportedRoleCombinations=[source:host, sink:device], contaminantDetectionStatus=1, contaminantProtectionStatus=0}
2022-04-13 21:10:43.855  1181-1493  SemNscXgbMsL1                pid-1181                             D  Probability - Cloud gaming: [0.009005794]
2022-04-13 21:10:43.855  1181-1493  SemNscXgbMsL1                pid-1181                             D  Probability - Real time: [0.11938257]
2022-04-13 21:10:43.855  1181-1493  SemNscXgbMsL1                pid-1181                             D  Probability - Non real time: [0.9454778]
2022-04-13 21:10:43.855  1181-1493  SemNscXgbMsL1                pid-1181                             D  1 sample inference time: 0.456808 msecs
2022-04-13 21:10:43.856  1181-1493  SemNscXgbL2Rt                pid-1181                             D  L2 RT 1 sample inference time: 0.576115 msecs
2022-04-13 21:10:43.856  1181-1493  SemNscXgbL2Nrt               pid-1181                             D  L2 NRT 1 sample inference time: 0.442923 msecs
2022-04-13 21:10:43.872  1181-1484  SemCellularStateManager      pid-1181                             D  onSignalStrengthsChanged: mCellularSignalLevel=4
2022-04-13 21:10:43.872  1181-2757  NetlinkSocket                pid-1181                             W  maximum read
2022-04-13 21:10:43.873  1181-2757  NetlinkSocket                pid-1181                             W  maximum read
2022-04-13 21:10:43.912  1181-1373  UsbUI                        pid-1181                             D  onUEvent(Host Interface): {DEVTYPE=usb_interface, MODALIAS=usb:v1D6Bp0002d0419dc09dsc00dp01ic09isc00ip00in00, OF_NAME=dwc3, SUBSYSTEM=usb, SEQNUM=16445, ACTION=add, INTERFACE=9/0/0, OF_FULLNAME=/usb@10E00000/dwc3, PRODUCT=1d6b/2/419, OF_COMPATIBLE_0=synopsys,dwc3, DEVPATH=/devices/platform/10e00000.usb/10e00000.dwc3/xhci-hcd.12.auto/usb1/1-0:1.0, TYPE=9/0/1, OF_COMPATIBLE_N=1}
2022-04-13 21:10:43.912  1181-1373  UsbUI                        pid-1181                             D  notifyUsbInterface: [9, 0, 0]
2022-04-13 21:10:43.913  1181-1373  UsbUI                        pid-1181                             D  onUEvent(Host Interface): {DEVTYPE=usb_interface, DRIVER=hub, MODALIAS=usb:v1D6Bp0002d0419dc09dsc00dp01ic09isc00ip00in00, OF_NAME=dwc3, SUBSYSTEM=usb, SEQNUM=16446, ACTION=bind, INTERFACE=9/0/0, OF_FULLNAME=/usb@10E00000/dwc3, PRODUCT=1d6b/2/419, OF_COMPATIBLE_0=synopsys,dwc3, DEVPATH=/devices/platform/10e00000.usb/10e00000.dwc3/xhci-hcd.12.auto/usb1/1-0:1.0, TYPE=9/0/1, OF_COMPATIBLE_N=1}
2022-04-13 21:10:43.915  1181-1373  UsbUI                        pid-1181                             D  onUEvent(Host Interface): {DEVTYPE=usb_interface, MODALIAS=usb:v1D6Bp0003d0419dc09dsc00dp03ic09isc00ip00in00, OF_NAME=dwc3, SUBSYSTEM=usb, SEQNUM=16449, ACTION=add, INTERFACE=9/0/0, OF_FULLNAME=/usb@10E00000/dwc3, PRODUCT=1d6b/3/419, OF_COMPATIBLE_0=synopsys,dwc3, DEVPATH=/devices/platform/10e00000.usb/10e00000.dwc3/xhci-hcd.12.auto/usb2/2-0:1.0, TYPE=9/0/3, OF_COMPATIBLE_N=1}
2022-04-13 21:10:43.915  1181-1373  UsbUI                        pid-1181                             D  notifyUsbInterface: [9, 0, 0]
2022-04-13 21:10:43.916  1181-1373  UsbUI                        pid-1181                             D  onUEvent(Host Interface): {DEVTYPE=usb_interface, DRIVER=hub, MODALIAS=usb:v1D6Bp0003d0419dc09dsc00dp03ic09isc00ip00in00, OF_NAME=dwc3, SUBSYSTEM=usb, SEQNUM=16450, ACTION=bind, INTERFACE=9/0/0, OF_FULLNAME=/usb@10E00000/dwc3, PRODUCT=1d6b/3/419, OF_COMPATIBLE_0=synopsys,dwc3, DEVPATH=/devices/platform/10e00000.usb/10e00000.dwc3/xhci-hcd.12.auto/usb2/2-0:1.0, TYPE=9/0/3, OF_COMPATIBLE_N=1}
2022-04-13 21:10:43.957  1181-1597  UsbHostManager               pid-1181                             D  usbDeviceAdded - start: deviceAddress=/dev/bus/usb/001/001 deviceClass=9 deviceSubclass=0
2022-04-13 21:10:43.958  1181-1597  UsbHostManager               pid-1181                             D  device class is deny listed
2022-04-13 21:10:43.997  1181-1597  UsbHostManager               pid-1181                             D  usbDeviceAdded - start: deviceAddress=/dev/bus/usb/002/001 deviceClass=9 deviceSubclass=0
2022-04-13 21:10:43.998  1181-1597  UsbHostManager               pid-1181                             D  device class is deny listed
2022-04-13 21:10:44.012  1181-1824  BatteryService               pid-1181                             D  Sending ACTION_BATTERY_CHANGED. scale:100, info:{.chargerAcOnline = false, .chargerUsbOnline = false, .chargerWirelessOnline = false, .maxChargingCurrent = 0, .maxChargingVoltage = 0, .batteryStatus = DISCHARGING, .batteryHealth = GOOD, .batteryPresent = true, .batteryLevel = 66, .batteryVoltage = 3894, .batteryTemperature = 264, .batteryCurrent = -609, .batteryCycleCount = 0, .batteryFullCharge = 4000000, .batteryChargeCounter = 2421210, .batteryTechnology = Li-ion}
2022-04-13 21:10:44.012  1181-1824  BatteryService               pid-1181                             D  online:21, current avg:-266, charge type:0, POGO powered:false, power sharing:false, high voltage charger:false, charger_type:0, capacity:280000, misc_event:0x10000, current_event:0x40004000, current_now:-609
2022-04-13 21:10:44.013  1181-1181  PhoneWindowManagerExt        pid-1181                             D  ACTION_BATTERY_CHANGED - Level=66, status=3
2022-04-13 21:10:44.013  1181-1181  SemWifiApBroadcastReceiver   pid-1181                             D  Received : android.intent.action.BATTERY_CHANGED
2022-04-13 21:10:44.013  1181-1388  MotionRecognitionService     pid-1181                             D    onReceive : ACTION_BATTERY_CHANGED, Plugged: 0
2022-04-13 21:10:44.013  1181-1388  MotionRecognitionService     pid-1181                             I  [TA] In/out: false, curr state: 0
2022-04-13 21:10:44.013  1181-1388  MotionRecognitionService     pid-1181                             I  [TA] Before receiving the SAR request for Main. Return.
2022-04-13 21:10:44.013  1181-1181  Ada...ssLongtermModelBuilder pid-1181                             D  Received android.intent.action.BATTERY_CHANGED
2022-04-13 21:10:44.018  1181-4778  ActivityManager              pid-1181                             W  Foreground service started from background can not have location/camera/microphone access: service de.{anonymized}/.notify.MNotify3
2022-04-13 21:10:44.018  1181-1235  ApplicationPolicy            pid-1181                             D  isStatusBarNotificationAllowedAsUser: packageName = de.{anonymized},userId = 0
2022-04-13 21:10:44.019  1181-1235  ApplicationPolicy            pid-1181                             D  isStatusBarNotificationAllowedAsUser: packageName = de.{anonymized},userId = 0
2022-04-13 21:10:44.045  1181-1181  NotificationHistory          pid-1181                             W  Attempted to add notif for locked/gone/disabled user 0
2022-04-13 21:10:44.186  1181-1226  WindowOrientationListener    pid-1181                             I  OrientationSensorJudge.onSensorChanged, Rotation: 0
2022-04-13 21:10:44.261  1181-1543  Chi...ggressivePolicyHandler pid-1181                             I  executePolicy() - triggerSource: TRIGGER_SOURCE_LMKD
2022-04-13 21:10:44.261  1181-1543  Chi...ggressivePolicyHandler pid-1181                             I  available memory: 2533820, free memory target: 2201600, quit chimera
2022-04-13 21:10:44.333  1181-1373  UsbUI                        pid-1181                             D  onUEvent(Host Interface): {SUBSYSTEM=usb, SEQNUM=16455, ACTION=add, INTERFACE=3/1/1, DEVTYPE=usb_interface, PRODUCT=46a/23/202, MODALIAS=usb:v046Ap0023d0202dc00dsc00dp00ic03isc01ip01in00, DEVPATH=/devices/platform/10e00000.usb/10e00000.dwc3/xhci-hcd.12.auto/usb1/1-1/1-1:1.0, TYPE=0/0/0}
2022-04-13 21:10:44.333  1181-1373  UsbUI                        pid-1181                             D  notifyUsbInterface: [3, 1, 1]
2022-04-13 21:10:44.357  1181-1493  SemNscXgbMsL1                pid-1181                             D  Probability - Cloud gaming: [0.008988923]
2022-04-13 21:10:44.357  1181-1493  SemNscXgbMsL1                pid-1181                             D  Probability - Real time: [0.013331036]
2022-04-13 21:10:44.358  1181-1493  SemNscXgbMsL1                pid-1181                             D  Probability - Non real time: [0.9618782]
2022-04-13 21:10:44.358  1181-1493  SemNscXgbMsL1                pid-1181                             D  1 sample inference time: 0.448961 msecs
2022-04-13 21:10:44.358  1181-1493  SemNscXgbL2Rt                pid-1181                             D  L2 RT 1 sample inference time: 0.498692 msecs
2022-04-13 21:10:44.359  1181-1493  SemNscXgbL2Nrt               pid-1181                             D  L2 NRT 1 sample inference time: 0.4245 msecs
2022-04-13 21:10:44.406  1181-1373  UsbUI                        pid-1181                             D  onUEvent(Host Interface): {SUBSYSTEM=usb, SEQNUM=16464, ACTION=bind, INTERFACE=3/1/1, DEVTYPE=usb_interface, PRODUCT=46a/23/202, DRIVER=usbhid, MODALIAS=usb:v046Ap0023d0202dc00dsc00dp00ic03isc01ip01in00, DEVPATH=/devices/platform/10e00000.usb/10e00000.dwc3/xhci-hcd.12.auto/usb1/1-1/1-1:1.0, TYPE=0/0/0}
2022-04-13 21:10:44.406  1181-1373  UsbUI                        pid-1181                             D  onUEvent(Host Interface): {SUBSYSTEM=usb, SEQNUM=16465, ACTION=add, INTERFACE=3/0/0, DEVTYPE=usb_interface, PRODUCT=46a/23/202, MODALIAS=usb:v046Ap0023d0202dc00dsc00dp00ic03isc00ip00in01, DEVPATH=/devices/platform/10e00000.usb/10e00000.dwc3/xhci-hcd.12.auto/usb1/1-1/1-1:1.1, TYPE=0/0/0}
2022-04-13 21:10:44.406  1181-1373  UsbUI                        pid-1181                             D  notifyUsbInterface: [3, 0, 0]
2022-04-13 21:10:44.419  1181-1373  UsbUI                        pid-1181                             D  onUEvent(Host Interface): {SUBSYSTEM=usb, SEQNUM=16471, ACTION=bind, INTERFACE=3/0/0, DEVTYPE=usb_interface, PRODUCT=46a/23/202, DRIVER=usbhid, MODALIAS=usb:v046Ap0023d0202dc00dsc00dp00ic03isc00ip00in01, DEVPATH=/devices/platform/10e00000.usb/10e00000.dwc3/xhci-hcd.12.auto/usb1/1-1/1-1:1.1, TYPE=0/0/0}
2022-04-13 21:10:44.419  1181-1398  EventHub                     pid-1181                             D  No input device configuration file found for device 'HID 046a:0023'.
2022-04-13 21:10:44.420  1181-1597  UsbHostManager               pid-1181                             D  usbDeviceAdded - start: deviceAddress=/dev/bus/usb/001/002 deviceClass=0 deviceSubclass=0
2022-04-13 21:10:44.421  1181-1398  EventHub                     pid-1181                             I  usingClockIoctl=true
2022-04-13 21:10:44.421  1181-1398  EventHub                     pid-1181                             I  New device: id=17, fd=704, path='/dev/input/event10', name='HID 046a:0023', classes=KEYBOARD | ALPHAKEY | EXTERNAL, configuration='', keyLayout='/system/usr/keylayout/Generic.kl', keyCharacterMap='/system/usr/keychars/Generic.kcm', builtinKeyboard=false, 
2022-04-13 21:10:44.421  1181-1398  InputManager                 pid-1181                             D  Overlay KLD: com.android.inputdevices/com.android.inputdevices.InputDeviceReceiver/keyboard_layout_german
2022-04-13 21:10:44.425  1181-1398  EventHub                     pid-1181                             D  Led State Changed(1), value=0
2022-04-13 21:10:44.425  1181-1398  EventHub                     pid-1181                             D  Led State Changed(0), value=1
2022-04-13 21:10:44.425  1181-1398  EventHub                     pid-1181                             D  Led State Changed(2), value=0
2022-04-13 21:10:44.425  1181-1398  InputReader                  pid-1181                             I  Device added: id=9, eventHubId=17, name='HID 046a:0023', descriptor='b4dc82f264591d1af4ac10ba2d3093d90ad243d5',sources=0x00000101
2022-04-13 21:10:44.425  1181-1398  InputReader                  pid-1181                             D  verified(0->0), type(-1->-1), front(0->0), back(0->0), glove(0->0), penCover(0->0), pogo(0->0), notify(0)
2022-04-13 21:10:44.427  1181-1397  TspStateManager              pid-1181                             D  updateCustomValue customSetting=
2022-04-13 21:10:44.427  1181-1228  InputManager                 pid-1181                             D  Handle UPDATE_DEFAULT_KEYBOARD_LAYOUTS
2022-04-13 21:10:44.427  1181-1228  InputManager                 pid-1181                             D  Handle handleUpdateDefaultKeyboardLayouts com.samsung.android.honeyboard/.service.HoneyBoardService
2022-04-13 21:10:44.427  1181-2757  NetlinkSocket                pid-1181                             W  maximum read
2022-04-13 21:10:44.427  1181-2757  NetlinkSocket                pid-1181                             W  maximum read
2022-04-13 21:10:44.427  1181-2757  NetlinkSocket                pid-1181                             W  maximum read
2022-04-13 21:10:44.432  1181-1397  TspStateManager              pid-1181                             D  updateCustomValue customSetting=
2022-04-13 21:10:44.432  1181-1397  TspStateManager              pid-1181                             D  updateCustomValue customSetting=
2022-04-13 21:10:44.432  1181-1597  UsbHostManager               pid-1181                             D  USB device attached: vidpid 046a:0023 mfg/product/ver/serial null/null/2.02/null hasAudio/HID/Storage: false/true/false
2022-04-13 21:10:44.432  1181-1597  UsbDeviceDescriptor          pid-1181                             D    1 configs
2022-04-13 21:10:44.433  1181-1397  ActivityTaskManager          pid-1181                             I  Config changes=30 {0.9 262mcc3mnc [de_DE,en_GB,fr_FR] ldltr sw384dp w384dp h777dp 450dpi nrml long port night finger qwerty/v/v -nav/h winConfig={ mBounds=Rect(0, 0 - 1080, 2400) mAppBounds=Rect(0, 78 - 1080, 2265) mMaxBounds=Rect(0, 0 - 1080, 2400) mWindowingMode=fullscreen mDisplayWindowingMode=fullscreen mActivityType=undefined mAlwaysOnTop=undefined mRotation=ROTATION_0 mPopOver=undefined mFreeformTaskPinningState=undefined} s.491 fontWeightAdjustment=0 ff=0 bf=0 bts=1 desktop/d dm/n ?dc ?dcui ?dcaf enb/d themeSeq=0}
2022-04-13 21:10:44.433  1181-1597  UsbHostManager               pid-1181                             D  Added device UsbDevice[mName=/dev/bus/usb/001/002,mVendorId=1130,mProductId=35,mClass=0,mSubclass=0,mProtocol=0,mManufacturerName=null,mProductName=null,mVersion=2.02,mSerialNumberReader=com.android.server.usb.UsbSerialReader@4fd1aa2, mHasAudioPlayback=false, mHasAudioCapture=false, mHasMidi=false, mHasVideoCapture=false, mHasVideoPlayback=false, mConfigurations=[
                                                                                                         UsbConfiguration[mId=1,mName=null,mAttributes=160,mMaxPower=50,mInterfaces=[
                                                                                                         UsbInterface[mId=0,mAlternateSetting=0,mName=null,mClass=3,mSubclass=1,mProtocol=1,mEndpoints=[
                                                                                                         UsbEndpoint[mAddress=129,mAttributes=3,mMaxPacketSize=8,mInterval=10]]
                                                                                                         UsbInterface[mId=1,mAlternateSetting=0,mName=null,mClass=3,mSubclass=0,mProtocol=0,mEndpoints=[
                                                                                                         UsbEndpoint[mAddress=130,mAttributes=3,mMaxPacketSize=8,mInterval=10]]]]
2022-04-13 21:10:44.434  1181-1597  Usb...leGroupSettingsManager pid-1181                             D  resolveActivity(Intent, UsbDevice) - start
2022-04-13 21:10:44.434  1181-1597  Usb...leGroupSettingsManager pid-1181                             D  usbDeviceAttached, sending Intent { act=android.hardware.usb.action.USB_DEVICE_ATTACHED flg=0x11000000 (has extras) }
2022-04-13 21:10:44.436  1181-2757  NetlinkSocket                pid-1181                             W  maximum read
2022-04-13 21:10:44.436  1181-2757  NetlinkSocket                pid-1181                             W  maximum read
2022-04-13 21:10:44.436  1181-2757  NetlinkSocket                pid-1181                             W  maximum read
2022-04-13 21:10:44.436  1181-2757  NetlinkSocket                pid-1181                             W  maximum read
2022-04-13 21:10:44.438  1181-2757  NetlinkSocket                pid-1181                             W  maximum read
2022-04-13 21:10:44.438  1181-2757  NetlinkSocket                pid-1181                             W  maximum read
2022-04-13 21:10:44.446  1181-1397  WindowManager                pid-1181                             I  Override config changes=30 {0.9 262mcc3mnc [de_DE,en_GB,fr_FR] ldltr sw384dp w384dp h777dp 450dpi nrml long port night finger qwerty/v/v -nav/h winConfig={ mBounds=Rect(0, 0 - 1080, 2400) mAppBounds=Rect(0, 78 - 1080, 2265) mMaxBounds=Rect(0, 0 - 1080, 2400) mWindowingMode=fullscreen mDisplayWindowingMode=fullscreen mActivityType=undefined mAlwaysOnTop=undefined mRotation=ROTATION_0 mPopOver=undefined mFreeformTaskPinningState=undefined} s.491 fontWeightAdjustment=0 ff=0 bf=0 bts=1 desktop/d dm/n ?dc ?dcui ?dcaf enb/d themeSeq=0} for displayId=0
2022-04-13 21:10:44.448  1181-2757  NetlinkSocket                pid-1181                             W  maximum read
2022-04-13 21:10:44.448  1181-2757  NetlinkSocket                pid-1181                             W  maximum read
2022-04-13 21:10:44.448  1181-2757  NetlinkSocket                pid-1181                             W  maximum read
2022-04-13 21:10:44.456  1181-4774  InputMethodManagerService    pid-1181                             I  isAccessoryKeyboard 1
2022-04-13 21:10:44.462  1181-2757  NetlinkSocket                pid-1181                             W  maximum read
2022-04-13 21:10:44.463  1181-2757  NetlinkSocket                pid-1181                             W  maximum read
2022-04-13 21:10:44.467  1181-2757  NetlinkSocket                pid-1181                             W  maximum read
2022-04-13 21:10:44.468  1181-2757  NetlinkSocket                pid-1181                             W  maximum read
2022-04-13 21:10:44.474  1181-1397  TspStateManager              pid-1181                             D  updateCustomValue customSetting=
2022-04-13 21:10:44.474  1181-1397  MultiTaskingController       pid-1181                             I  onConfigurationChangedLocked: display#0, configChanges=0x30, scaleW=1.0, scaleH=1.0, prevScreenBounds=Rect(0, 0 - 1080, 2400), nextScreenBounds=Rect(0, 0 - 1080, 2400)
2022-04-13 21:10:44.484  1181-4749  ContextImpl                  pid-1181                             W  Calling a method in the system process without a qualified user: android.app.ContextImpl.sendBroadcast:1242 com.android.server.notification.sec.DisplayToast.sendIntentForToastDumpLog:156 com.android.server.notification.sec.DisplayToast.outFile:106 com.android.server.notification.sec.DisplayToast.out:62 com.android.server.notification.NotificationManagerService$14.enqueueToastForDex:3893 
2022-04-13 21:10:44.484  1181-1208  DARUtil                      pid-1181                             D  Device owner status not updated yet...
2022-04-13 21:10:44.484  1181-1208  DARUtil                      pid-1181                             D  Not an enterprise user : 0
2022-04-13 21:10:44.484  1181-4774  InputMethodManagerService    pid-1181                             D  mSecureKeypadEnabled = false
2022-04-13 21:10:44.484  1181-4774  InputMethodManagerService    pid-1181                             V  startInputOrWindowGainedFocusInternalLocked: reason=APP_CALLED_RESTART_INPUT_API clientState=b5c2e84 attribute=android.view.inputmethod.EditorInfo@92de333 startInputFlags=VIEW_HAS_FOCUS|IS_TEXT_EDITOR softInputMode=STATE_UNSPECIFIED|ADJUST_RESIZE windowFlags=#81810100 sameWindowFocused=true
2022-04-13 21:10:44.484  1181-4774  InputMethodManagerService    pid-1181                             D  DESKTOP MODE! : 2
2022-04-13 21:10:44.484  1181-4774  InputMethodManagerService    pid-1181                             D  NOT IN KNOX DESKTOP MODE!
2022-04-13 21:10:44.484  1181-4774  InputMethodManagerService    pid-1181                             V  getDisplayIdOfInputMethodWindowToBeAdded : 0
2022-04-13 21:10:44.484  1181-1208  DARUtil                      pid-1181                             D  Device owner status not updated yet...
2022-04-13 21:10:44.484  1181-1208  DARUtil                      pid-1181                             D  Not an enterprise user : 0
2022-04-13 21:10:44.486  1181-4774  InputMethodManagerService    pid-1181                             D  checkDisplayOfStartInputAndUpdateKeyboard display Id 0last 0
2022-04-13 21:10:44.486  1181-4774  InputMethodManagerService    pid-1181                             V  Attach new input asks to show input
2022-04-13 21:10:44.486  1181-4774  InputMethodManagerService    pid-1181                             D  ACCESS_CONTROL_ENABLED = false, ACCESS_CONTROL_KEYBOARD_BLOCK = false
2022-04-13 21:10:44.486  1181-4774  InputMethodManagerService    pid-1181                             D  showCurrentInputLocked: mCurToken=android.os.Binder@851c462, showForced=false, showExplicitlyRequestedtrue
2022-04-13 21:10:44.486  1181-4774  InputMethodManagerService    pid-1181                             I  Calling com.android.internal.view.IInputMethod$Stub$Proxy@a0d3835.showSoftInput(android.os.Binder@ea0f469, 1, null) for reason: ATTACH_NEW_INPUT
2022-04-13 21:10:44.486  1181-4774  InputTransport               pid-1181                             D  Input channel constructed: 'ClientS', fd=767
2022-04-13 21:10:44.486  1181-4774  InputTransport               pid-1181                             D  Input channel destroyed: 'ClientS', fd=767
2022-04-13 21:10:44.487  1181-1597  UsbUserSettingsManager       pid-1181                             V  Creating settings for UserHandle{0}
2022-04-13 21:10:44.487  1181-4774  InputMethodManagerService    pid-1181                             V  Client requesting input be shown, flags : 0
2022-04-13 21:10:44.487  1181-4774  InputMethodManagerService    pid-1181                             D  ACCESS_CONTROL_ENABLED = false, ACCESS_CONTROL_KEYBOARD_BLOCK = false
2022-04-13 21:10:44.487  1181-4774  InputMethodManagerService    pid-1181                             D  showCurrentInputLocked: mCurToken=android.os.Binder@851c462, showForced=false, showExplicitlyRequestedtrue
2022-04-13 21:10:44.487  1181-4774  InputMethodManagerService    pid-1181                             I  Calling com.android.internal.view.IInputMethod$Stub$Proxy@a0d3835.showSoftInput(android.os.Binder@cb6e25, 1, android.os.ResultReceiver@7cb5bfa) for reason: SHOW_SOFT_INPUT
2022-04-13 21:10:44.491  1181-2227  CompatibilityChangeReporter  pid-1181                             D  Compat change id reported: 168419799; UID 10175; state: DISABLED
2022-04-13 21:10:44.494  1181-2272  InputTransport               pid-1181                             D  Input channel destroyed: 'e89a2c4', fd=592
2022-04-13 21:10:44.494  1181-2272  InputManager-JNI             pid-1181                             W  Input channel object 'e89a2c4 dismiss-button-overlay (client)' was disposed without first being removed with the input manager!
2022-04-13 21:10:44.494  1181-2272  InputTransport               pid-1181                             D  Input channel destroyed: 'e89a2c4', fd=660
2022-04-13 21:10:44.501  1181-1235  FreecessController           pid-1181                             D  UFZ : com.opera.browser(28496)
2022-04-13 21:10:44.501  1181-1235  FreecessController           pid-1181                             D  UFZ : com.opera.browser(18696)
2022-04-13 21:10:44.502  1181-1235  FreecessController           pid-1181                             D  UFZ : com.opera.browser(18876)
2022-04-13 21:10:44.503  1181-2758  LocationManagerService       pid-1181                             W  onFreezeStateChanged, uid[10287]=false
2022-04-13 21:10:44.503  1181-1235  FreecessController           pid-1181                             D  UFZ : com.opera.browser(0), reason: broadcast
2022-04-13 21:10:44.504  1181-1235  FreecessController           pid-1181                             D  com.opera.browser(state: Initial -> Freezeable, Reason: broadcast)
2022-04-13 21:10:44.504  1181-1235  BaseRestrictionMgr           pid-1181                             D  Package: com.opera.browser, userid: 0, hostingType: broadcast is allowed by freecess, caller is: android
2022-04-13 21:10:44.504  1181-2758  PowerManagerService          pid-1181                             I  [PWL] SetWakeLockEnableDisable uid = 10287 , disable= false
2022-04-13 21:10:44.504  1181-2758  PowerManagerService          pid-1181                             I  [PWL] can not change uid =  10287
2022-04-13 21:10:44.504  1181-1235  FreecessController           pid-1181                             D  UFZ : cc.dict.dictcc(6472)
2022-04-13 21:10:44.505  1181-1235  FreecessController           pid-1181                             D  UFZ : cc.dict.dictcc(0), reason: broadcast
2022-04-13 21:10:44.505  1181-1235  FreecessController           pid-1181                             D  cc.dict.dictcc(state: Initial -> Freezeable, Reason: broadcast)
2022-04-13 21:10:44.505  1181-1235  BaseRestrictionMgr           pid-1181                             D  Package: cc.dict.dictcc, userid: 0, hostingType: broadcast is allowed by freecess, caller is: android
2022-04-13 21:10:44.505  1181-2757  NetlinkSocket                pid-1181                             W  maximum read
2022-04-13 21:10:44.505  1181-2758  LocationManagerService       pid-1181                             W  onFreezeStateChanged, uid[10295]=false
2022-04-13 21:10:44.506  1181-2758  PowerManagerService          pid-1181                             I  [PWL] SetWakeLockEnableDisable uid = 10295 , disable= false
2022-04-13 21:10:44.506  1181-2758  PowerManagerService          pid-1181                             I  [PWL] can not change uid =  10295
2022-04-13 21:10:44.506  1181-1235  FreecessController           pid-1181                             D  UFZ : com.{anonymized}
2022-04-13 21:10:44.507  1181-1235  FreecessController           pid-1181                             D  UFZ : com.{anonymized}), reason: broadcast
2022-04-13 21:10:44.507  1181-1235  FreecessController           pid-1181                             D  com.{anonymized}(state: Initial -> Freezeable, Reason: broadcast)
2022-04-13 21:10:44.507  1181-1235  BaseRestrictionMgr           pid-1181                             D  Package: com.{anonymized}, userid: 0, hostingType: broadcast is allowed by freecess, caller is: android
2022-04-13 21:10:44.507  1181-2757  NetlinkSocket                pid-1181                             W  maximum read
2022-04-13 21:10:44.507  1181-2758  LocationManagerService       pid-1181                             W  onFreezeStateChanged, uid[10290]=false
2022-04-13 21:10:44.510  1181-2758  PowerManagerService          pid-1181                             I  [PWL] SetWakeLockEnableDisable uid = 10290 , disable= false
2022-04-13 21:10:44.510  1181-2758  PowerManagerService          pid-1181                             I  [PWL] can not change uid =  10290
2022-04-13 21:10:44.517  1181-2227  InputTransport               pid-1181                             D  Input channel constructed: '457052 ', fd=924
2022-04-13 21:10:44.517  1181-2227  InputTransport               pid-1181                             D  Input channel constructed: '457052 ', fd=926
2022-04-13 21:10:44.518  1181-2227  InputTransport               pid-1181                             D  Input channel constructed: '457052 ', fd=931
2022-04-13 21:10:44.519  1181-2227  InputTransport               pid-1181                             D  Input channel destroyed: '457052 ', fd=931
2022-04-13 21:10:44.522  1181-1181  Inp...agerServicePhysicalKey pid-1181                             W  onReceive() USBK interfaceCount : 2
2022-04-13 21:10:44.522  1181-1181  Inp...agerServicePhysicalKey pid-1181                             W  onReceive() USBK Connect C : 1
2022-04-13 21:10:44.522  1181-1181  InputMethodManagerService    pid-1181                             D  HW Keyboard connected
2022-04-13 21:10:44.522  1181-1181  InputMethodManagerService    pid-1181                             I  Calling com.android.internal.view.IInputMethod$Stub$Proxy@a0d3835.hideSoftInput(0, android.os.Binder@ae9174d, null) for reason: HIDE_HW_KEYBOARD_CONNECTED
2022-04-13 21:10:44.522  1181-1597  Usb...leGroupSettingsManager pid-1181                             D  task.topActivity.getPackageName()=com.android.chrome
2022-04-13 21:10:44.522  1181-1597  Usb...leGroupSettingsManager pid-1181                             D  task.topActivity.getPackageName()=com.sec.android.app.launcher
2022-04-13 21:10:44.522  1181-1597  Usb...leGroupSettingsManager pid-1181                             D  task.topActivity.getPackageName()=com.google.android.gm
2022-04-13 21:10:44.522  1181-1597  Usb...leGroupSettingsManager pid-1181                             D  task.topActivity.getPackageName()=com.opera.browser
2022-04-13 21:10:44.523  1181-1597  Usb...leGroupSettingsManager pid-1181                             D  task.topActivity.getPackageName()=com.{anonymized}
2022-04-13 21:10:44.523  1181-1597  Usb...leGroupSettingsManager pid-1181                             D  task.topActivity.getPackageName()=com.{anonymized}
2022-04-13 21:10:44.523  1181-1597  Usb...leGroupSettingsManager pid-1181                             D  task.topActivity.getPackageName()=com.{anonymized}
2022-04-13 21:10:44.523  1181-1597  Usb...leGroupSettingsManager pid-1181                             D  task.topActivity.getPackageName()=com.{anonymized}
2022-04-13 21:10:44.523  1181-1597  Usb...leGroupSettingsManager pid-1181                             D  task.topActivity.getPackageName()=cc.dict.dictcc
2022-04-13 21:10:44.523  1181-1597  Usb...leGroupSettingsManager pid-1181                             D  task.topActivity.getPackageName()=com.sec.android.app.popupcalculator
2022-04-13 21:10:44.523  1181-1597  Usb...leGroupSettingsManager pid-1181                             D  task.topActivity.getPackageName()={anonymized}
2022-04-13 21:10:44.523  1181-1597  Usb...leGroupSettingsManager pid-1181                             D  task.topActivity.getPackageName()=com.samsung.android.dialer
2022-04-13 21:10:44.523  1181-1597  Usb...leGroupSettingsManager pid-1181                             D  foregroundApp=com.android.chrome
2022-04-13 21:10:44.523  1181-1597  Usb...leGroupSettingsManager pid-1181                             D  resolveActivity: intent=Intent { act=android.hardware.usb.action.USB_DEVICE_ATTACHED flg=0x11000000 (has extras) } defaultActivity=null
2022-04-13 21:10:44.523  1181-1597  Usb...leGroupSettingsManager pid-1181                             D  resolveActivity(Intent, UsbDevice) - end
2022-04-13 21:10:44.524  1181-1597  UsbAlsaManager               pid-1181                             D  usbDeviceAdded(): null nm:null
2022-04-13 21:10:44.524  1181-1225  SamsungAlarmManager          pid-1181                             D  setInexact (T:3/F:8/AC:false) 20220413T212104 now=33467311 - CU:1000/CP:1181/L:3917b4a:*CountQuotaTracker.cleanup*
2022-04-13 21:10:44.524  1181-1225  SamsungAlarmManager          pid-1181                             V  setLocked to kernel - W:33504040 / NW:33482787, now=33467311
2022-04-13 21:10:44.524  1181-1225  SamsungAlarmManager          pid-1181                             V  setLocked to kernel - W:33504040 / NW:33482787, now=33467311
2022-04-13 21:10:44.525  1181-1225  SamsungAlarmManager          pid-1181                             D  setInexact (T:3/F:8/AC:false) 20220413T212040 now=33467311 - CU:1000/CP:1181/L:68cab31:*CountQuotaTracker.cleanup*
2022-04-13 21:10:44.525  1181-1225  SamsungAlarmManager          pid-1181                             V  setLocked to kernel - W:33504040 / NW:33482787, now=33467312
2022-04-13 21:10:44.525  1181-1597  AlsaCardsParser              pid-1181                             D  AlsaCardsParser.scan()....
2022-04-13 21:10:44.525  1181-1181  InputMethodManagerService    pid-1181                             V  hideCurrentInputLocked : send MSG_HIDE_SOFT_INPUT
2022-04-13 21:10:44.525  1181-2272  InputMethodManagerService    pid-1181                             I  isAccessoryKeyboard 5
2022-04-13 21:10:44.527  1181-1386  MotionRecognitionService     pid-1181                             D    mReceiver.onReceive : CONFIGURATION_CHANGED
2022-04-13 21:10:44.527  1181-1386  MotionRecognitionService     pid-1181                             D  [AUTO_ROTATION] inject auto rotation : 0
2022-04-13 21:10:44.527  1181-1386  SensorService                pid-1181                             D  Motion injection
2022-04-13 21:10:44.527  1181-1386  SensorService                pid-1181                             D  [EAR_TOUCH] : INJECT_AUTO_ROTATION ++++
2022-04-13 21:10:44.527  1181-1386  SensorService                pid-1181                             E  [EARPROXIMITY] getScreenRotation -  1649877044   527276 
2022-04-13 21:10:44.528  1181-1235  FreecessController           pid-1181                             D  UFZ : com.google.android.apps.messaging(30556)
2022-04-13 21:10:44.529  1181-4776  WindowManager                pid-1181                             V  Relayout Window{e519d2f u0 com.samsung.android.app.cocktailbarservice/com.samsung.android.app.cocktailbarservice.CocktailBarService}: viewVisibility=0 req=67x339 d0
2022-04-13 21:10:44.529  1181-2758  LocationManagerService       pid-1181                             W  onFreezeStateChanged, uid[10665]=false
2022-04-13 21:10:44.529  1181-1235  FreecessController           pid-1181                             D  UFZ : com.google.android.apps.messaging(0), reason: broadcast
2022-04-13 21:10:44.529  1181-1235  FreecessController           pid-1181                             D  com.google.android.apps.messaging(state: Initial -> Freezeable, Reason: broadcast)
2022-04-13 21:10:44.529  1181-1235  BaseRestrictionMgr           pid-1181                             D  Package: com.google.android.apps.messaging, userid: 0, hostingType: broadcast is allowed by freecess, caller is: null
2022-04-13 21:10:44.530  1181-2758  PowerManagerService          pid-1181                             I  [PWL] SetWakeLockEnableDisable uid = 10665 , disable= false
2022-04-13 21:10:44.530  1181-2758  PowerManagerService          pid-1181                             I  [PWL] can not change uid =  10665
2022-04-13 21:10:44.530  1181-1597  AlsaCardsParser              pid-1181                             D     0 [PicassoPrince  ]: Picasso-Prince - Picasso-Prince
2022-04-13 21:10:44.530  1181-1597  AlsaCardsParser              pid-1181                             D                          Picasso-Prince
2022-04-13 21:10:44.531  1181-1597  AlsaCardsParser              pid-1181                             D     1 [aboxvdma       ]: abox_vdma - abox_vdma
2022-04-13 21:10:44.531  1181-1597  AlsaCardsParser              pid-1181                             D                          abox_vdma
2022-04-13 21:10:44.531  1181-1597  AlsaCardsParser              pid-1181                             D     2 [aboxdump       ]: abox_dump - abox_dump
2022-04-13 21:10:44.531  1181-1597  AlsaCardsParser              pid-1181                             D                          abox_dump
2022-04-13 21:10:44.531  1181-1597  AlsaCardsParser              pid-1181                             D    status:0
2022-04-13 21:10:44.531  1181-1597  UsbAlsaManager               pid-1181                             D  no AlsaCardRecord
2022-04-13 21:10:44.532  1181-2757  NetlinkSocket                pid-1181                             W  maximum read
2022-04-13 21:10:44.532  1181-1597  UsbHostManager               pid-1181                             D  usbDeviceAdded - end
2022-04-13 21:10:44.534  1181-4749  InputMethodManagerService    pid-1181                             I  isAccessoryKeyboard 5
2022-04-13 21:10:44.534  1181-4776  WindowManager                pid-1181                             V  Relayout hash=e519d2f, pid=5074: mAttrs={(0,396)(67x339) gr=TOP RIGHT CENTER sim={adjust=nothing} layoutInDisplayCutoutMode=shortEdges ty=2226 fmt=TRANSPARENT
                                                                                                           fl=81800548
                                                                                                           pfl=2000050
                                                                                                           bhv=SHOW_TRANSIENT_BARS_BY_SWIPE
                                                                                                           fitTypes=NAVIGATION_BARS CAPTION_BAR dimAmount=0.0 dimDuration=0 naviIconColor=0
                                                                                                           sfl=200000}
2022-04-13 21:10:44.538  1181-1181  ActivityManager              pid-1181                             I  Changes in 10393 5 to 7, 15 to 0
2022-04-13 21:10:44.539  1181-1181  Inp...agerServicePhysicalKey pid-1181                             W  onReceive() keyboardState : 4
2022-04-13 21:10:44.539  1181-1181  UsbDeviceManager             pid-1181                             D  received ACTION_USB_DEVICE_ATTACHED / ACTION_USB_DEVICE_DETACHED
2022-04-13 21:10:44.539  1181-1181  SEP...ager_ResolutionMonitor pid-1181                             D  onReceive 48 
2022-04-13 21:10:44.539  1181-1181  WAL...allpaperManagerService pid-1181                             D  onReceive: android.intent.action.CONFIGURATION_CHANGED, densityDpi=450, orientation [old=1, new=1] 
2022-04-13 21:10:44.540  1181-1225  UsbDeviceManager             pid-1181                             D  handleMessage -> MSG_UPDATE_HOST_STATE: connected=true
2022-04-13 21:10:44.540  1181-1225  UsbDeviceManager             pid-1181                             I  HOST_STATE connected:true
2022-04-13 21:10:44.540  1181-1225  UsbDeviceManager             pid-1181                             I  /dev/bus/usb/001/002 = UsbDevice[mName=/dev/bus/usb/001/002,mVendorId=1130,mProductId=35,mClass=0,mSubclass=0,mProtocol=0,mManufacturerName=null,mProductName=null,mVersion=2.02,mSerialNumberReader=com.android.server.usb.UsbSerialReader@4fd1aa2, mHasAudioPlayback=false, mHasAudioCapture=false, mHasMidi=false, mHasVideoCapture=false, mHasVideoPlayback=false, mConfigurations=[
                                                                                                         UsbConfiguration[mId=1,mName=null,mAttributes=160,mMaxPower=50,mInterfaces=[
                                                                                                         UsbInterface[mId=0,mAlternateSetting=0,mName=null,mClass=3,mSubclass=1,mProtocol=1,mEndpoints=[
                                                                                                         UsbEndpoint[mAddress=129,mAttributes=3,mMaxPacketSize=8,mInterval=10]]
                                                                                                         UsbInterface[mId=1,mAlternateSetting=0,mName=null,mClass=3,mSubclass=0,mProtocol=0,mEndpoints=[
                                                                                                         UsbEndpoint[mAddress=130,mAttributes=3,mMaxPacketSize=8,mInterval=10]]]]
2022-04-13 21:10:44.541  1181-1225  UsbDeviceManager             pid-1181                             D  updateUsbNotification(false): mConnected=false mHostConnected=false mSourcePower=false mSinkPower=false mUsbCharging=false
2022-04-13 21:10:44.541  1181-1225  DexObserverFW                pid-1181                             D  isDexModeOn() : false
2022-04-13 21:10:44.541  1181-1225  DexObserverFW                pid-1181                             D  isSemiDexModeOn() : false
2022-04-13 21:10:44.542  1181-1226  NetworkPolicy                pid-1181                             D  onUidStateChanged() uid: 10393, isForeground(false, 7)
2022-04-13 21:10:44.542  1181-4760  WAL...allpaperManagerService pid-1181                             D  getWallpaperSafeLocked, userId = 0, which = 1, caller = com.android.server.wallpaper.WallpaperManagerService.semGetWallpaperType:6031 
2022-04-13 21:10:44.542  1181-4760  WallpaperManagerService      pid-1181                             D  which : 1, return type : 0 (called by userId= 0)
2022-04-13 21:10:44.546  1181-1515  NetdEventListenerService     pid-1181                             D  DNS Requested by : 111, 10665, 0
2022-04-13 21:10:44.552  1181-2227  WindowManager                pid-1181                             V  Relayout Window{29c66b7 u0 NavigationBar0}: viewVisibility=0 req=1080x135 d0
2022-04-13 21:10:44.554  1181-2227  WindowManager                pid-1181                             V  Relayout hash=29c66b7, pid=1625: mAttrs={(0,0)(fillxfill) sim={adjust=pan} layoutInDisplayCutoutMode=always ty=NAVIGATION_BAR fmt=TRANSLUCENT receive insets ignoring z-order
                                                                                                           fl=21840068
                                                                                                           pfl=33000000
                                                                                                           bhv=DEFAULT naviIconColor=0}
2022-04-13 21:10:44.556  1181-1398  EventHub                     pid-1181                             D  No input device configuration file found for device 'HID 046a:0023'.
2022-04-13 21:10:44.557  1181-1398  EventHub                     pid-1181                             W  Unable to disable kernel key repeat for /dev/input/event11: Function not implemented
2022-04-13 21:10:44.557  1181-1398  EventHub                     pid-1181                             I  usingClockIoctl=true
2022-04-13 21:10:44.557  1181-1398  EventHub                     pid-1181                             I  New device: id=18, fd=788, path='/dev/input/event11', name='HID 046a:0023', classes=KEYBOARD | DPAD | JOYSTICK | EXTERNAL, configuration='', keyLayout='/system/usr/keylayout/Generic.kl', keyCharacterMap='/system/usr/keychars/Generic.kcm', builtinKeyboard=false, 
2022-04-13 21:10:44.557  1181-1398  InputManager                 pid-1181                             D  Overlay KLD: com.android.inputdevices/com.android.inputdevices.InputDeviceReceiver/keyboard_layout_german
2022-04-13 21:10:44.561  1181-1398  InputReader                  pid-1181                             I  Device added: id=10, eventHubId=18, name='HID 046a:0023', descriptor='e178f3e9845aec7d5c37ae93707393e645c0abce',sources=0x01000311
2022-04-13 21:10:44.561  1181-1398  InputReader                  pid-1181                             D  verified(0->0), type(-1->-1), front(0->0), back(0->0), glove(0->0), penCover(0->0), pogo(0->0), notify(0)
2022-04-13 21:10:44.562  1181-1397  TspStateManager              pid-1181                             D  updateCustomValue customSetting=
2022-04-13 21:10:44.564  1181-1397  TspStateManager              pid-1181                             D  updateCustomValue customSetting=
2022-04-13 21:10:44.565  1181-1397  TspStateManager              pid-1181                             D  updateCustomValue customSetting=
2022-04-13 21:10:44.565  1181-1397  ActivityTaskManager          pid-1181                             I  Config changes=60 {0.9 262mcc3mnc [de_DE,en_GB,fr_FR] ldltr sw384dp w384dp h777dp 450dpi nrml long port night finger qwerty/v/v dpad/v winConfig={ mBounds=Rect(0, 0 - 1080, 2400) mAppBounds=Rect(0, 78 - 1080, 2265) mMaxBounds=Rect(0, 0 - 1080, 2400) mWindowingMode=fullscreen mDisplayWindowingMode=fullscreen mActivityType=undefined mAlwaysOnTop=undefined mRotation=ROTATION_0 mPopOver=undefined mFreeformTaskPinningState=undefined} s.588 fontWeightAdjustment=0 ff=0 bf=0 bts=1 desktop/d dm/n ?dc ?dcui ?dcaf enb/d themeSeq=0}
2022-04-13 21:10:44.568  1181-2757  NetlinkSocket                pid-1181                             W  maximum read
2022-04-13 21:10:44.568  1181-2757  NetlinkSocket                pid-1181                             W  maximum read
2022-04-13 21:10:44.571  1181-1397  WindowManager                pid-1181                             I  Override config changes=60 {0.9 262mcc3mnc [de_DE,en_GB,fr_FR] ldltr sw384dp w384dp h777dp 450dpi nrml long port night finger qwerty/v/v dpad/v winConfig={ mBounds=Rect(0, 0 - 1080, 2400) mAppBounds=Rect(0, 78 - 1080, 2265) mMaxBounds=Rect(0, 0 - 1080, 2400) mWindowingMode=fullscreen mDisplayWindowingMode=fullscreen mActivityType=undefined mAlwaysOnTop=undefined mRotation=ROTATION_0 mPopOver=undefined mFreeformTaskPinningState=undefined} s.588 fontWeightAdjustment=0 ff=0 bf=0 bts=1 desktop/d dm/n ?dc ?dcui ?dcaf enb/d themeSeq=0} for displayId=0
2022-04-13 21:10:44.572  1181-1181  SEP...ager_ResolutionMonitor pid-1181                             D  onReceive 96 
2022-04-13 21:10:44.572  1181-1181  WAL...allpaperManagerService pid-1181                             D  onReceive: android.intent.action.CONFIGURATION_CHANGED, densityDpi=450, orientation [old=1, new=1] 
2022-04-13 21:10:44.575  1181-1386  MotionRecognitionService     pid-1181                             D    mReceiver.onReceive : CONFIGURATION_CHANGED
2022-04-13 21:10:44.575  1181-1386  MotionRecognitionService     pid-1181                             D  [AUTO_ROTATION] inject auto rotation : 0
2022-04-13 21:10:44.575  1181-1386  SensorService                pid-1181                             D  Motion injection
2022-04-13 21:10:44.575  1181-1386  SensorService                pid-1181                             D  [EAR_TOUCH] : INJECT_AUTO_ROTATION ++++
2022-04-13 21:10:44.575  1181-1386  SensorService                pid-1181                             E  [EARPROXIMITY] getScreenRotation -  1649877044   575785 
